Microchip MPLAB XC8 Compiler V1.41 ()

Linker command line:

-W-3 --edf=C:\Program Files (x86)\Microchip\xc8\v1.41\dat\en_msgs.txt -cs \
  -h+dist/default/production\eeprom_image.X.production.sym \
  --cmf=dist/default/production\eeprom_image.X.production.cmf -z -Q18F4520 \
  -oC:\Users\DEVILB~1\AppData\Local\Temp\s2fo.2 \
  -Mdist/default/production/eeprom_image.X.production.map -E1 -ver=XC8 \
  -ASTACK=0200h-05ffh -pstack=STACK -ACODE=00h-07FFFh -ACONST=00h-07FFFh \
  -ASMALLCONST=0600h-06FFhx122 -AMEDIUMCONST=0600h-07FFFh -ACOMRAM=01h-07Fh \
  -AABS1=00h-05FFh -ABIGRAM=01h-05FFh -ARAM=080h-0FFh,0100h-01FFhx5 \
  -ABANK0=080h-0FFh -ABANK1=0100h-01FFh -ABANK2=0200h-02FFh \
  -ABANK3=0300h-03FFh -ABANK4=0400h-04FFh -ABANK5=0500h-05FFh \
  -ASFR=0F80h-0FFFh -preset_vec=00h,intcode=08h,intcodelo=018h,powerup,init \
  -pramtop=0600h -psmallconst=SMALLCONST -pmediumconst=MEDIUMCONST \
  -pconst=CONST -AFARRAM=00h-00h -ACONFIG=0300000h-030000Dh -pconfig=CONFIG \
  -AIDLOC=0200000h-0200007h -pidloc=IDLOC -AEEDATA=0F00000h-0F000FFh \
  -peeprom_data=EEDATA \
  -prdata=COMRAM,nvrram=COMRAM,nvbit=COMRAM,rbss=COMRAM,rbit=COMRAM \
  -pfarbss=FARRAM,fardata=FARRAM,nvFARRAM=FARRAM \
  -pintsave_regs=BIGRAM,bigbss=BIGRAM,bigdata=BIGRAM -pbss=RAM \
  -pidata=CODE,irdata=CODE,ibigdata=CODE,ifardata=CODE -prparam=COMRAM \
  C:\Users\DEVILB~1\AppData\Local\Temp\s2fo.obj \
  dist/default/production\eeprom_image.X.production.obj 

Object code version is 3.11

Machine type is 18F4520

Call graph: (short form)




                Name                               Link     Load   Length Selector   Space Scale
C:\Users\DEVILB~1\AppData\Local\Temp\s2fo.obj
                init                                 AA       AA        4        C       0
                reset_vec                             0        0        4        0       0
                idloc                            200000   200000        8   200000       0
                config                           300000   300000        E   300000       0
dist/default/production\eeprom_image.X.production.obj
                intcodelo                            18       18       92        C       0
                intcode                               8        8        6        4       0
                temp                                 36       36        1        1       1
                smallconst                          600      600       20      300       0
                text9                               880      880       2E      310       0
                intcode_body                        740      740       94      310       0
                text6                               8FE      8FE       14      310       0
                text5                               8D8      8D8       26      310       0
                text4                               7D4      7D4       40      310       0
                text3                               84A      84A       36      310       0
                text2                               912      912       10      310       0
                text1                               814      814       36      310       0
                text0                               620      620      120      310       0
                cstackCOMRAM                          1        1       33        1       1
                bssBANK1                            100      100      100      100       1
                bssCOMRAM                            34       34        2        1       1
                cinit                               8AE      8AE       2A      310       0

TOTAL           Name                               Link     Load   Length     Space
        CLASS   STACK          

        CLASS   CODE           
                intcodelo                            18       18       92         0
                intcode                               8        8        6         0
                init                                 AA       AA        4         0
                reset_vec                             0        0        4         0
                text9                               880      880       2E         0
                intcode_body                        740      740       94         0
                text6                               8FE      8FE       14         0
                text5                               8D8      8D8       26         0
                text4                               7D4      7D4       40         0
                text3                               84A      84A       36         0
                text2                               912      912       10         0
                text1                               814      814       36         0
                text0                               620      620      120         0
                cinit                               8AE      8AE       2A         0

        CLASS   CONST          

        CLASS   SMALLCONST     
                smallconst                          600      600       20         0

        CLASS   MEDIUMCONST    

        CLASS   COMRAM         
                temp                                 36       36        1         1
                cstackCOMRAM                          1        1       33         1
                bssCOMRAM                            34       34        2         1

        CLASS   ABS1           

        CLASS   BIGRAM         

        CLASS   RAM            

        CLASS   BANK0          

        CLASS   BANK1          
                bssBANK1                            100      100      100         1

        CLASS   BANK2          

        CLASS   BANK3          

        CLASS   BANK4          

        CLASS   BANK5          

        CLASS   SFR            

        CLASS   FARRAM         

        CLASS   CONFIG         
                config                           300000   300000        E         0

        CLASS   IDLOC          
                idloc                            200000   200000        8         0

        CLASS   EEDATA         



SEGMENTS        Name                           Load    Length   Top    Selector   Space  Class

                reset_vec                      000000  000004  000004         0       0  CODE    
                cstackCOMRAM                   000001  000036  000037         1       1  COMRAM  
                intcode                        000008  000006  00000E         4       0  CODE    
                intcodelo                      000018  000096  0000AE         C       0  CODE    
                bssBANK1                       000100  000100  000200       100       1  BANK1   
                smallconst                     000600  000020  000620       300       0  SMALLCON
                text0                          000620  000302  000922       310       0  CODE    
                idloc                          200000  000008  200008    200000       0  IDLOC   
                config                         300000  00000E  30000E    300000       0  CONFIG  


UNUSED ADDRESS RANGES

        Name                Unused          Largest block    Delta
        BANK0            000080-0000FF               80
        BANK2            000200-0002FF              100
        BANK3            000300-0003FF              100
        BANK4            000400-0004FF              100
        BANK5            000500-0005FF              100
        BIGRAM           000037-0000FF               C9
                         000200-0005FF              400
        CODE             000004-000007                4
                         00000E-000017                A
                         0000AE-0005FF              552
                         000922-007FFF             76DE
        COMRAM           000037-00007F               49
        CONST            000004-000007                4
                         00000E-000017                A
                         0000AE-0005FF              552
                         000922-007FFF             76DE
        EEDATA           F00000-F000FF              100
        MEDIUMCONST      000922-007FFF             76DE
        RAM              000080-0000FF               80
                         000200-0005FF              100
        SFR              000F80-000FFF               80
        SMALLCONST       000922-007FFF              100
        STACK            000200-0005FF              400

                                  Symbol Table

?_sprintf                  cstackCOMRAM 000025
Eeprom_read@addr           cstackCOMRAM 000025
Eeprom_write@addr          cstackCOMRAM 000026
Eeprom_write@data          cstackCOMRAM 000025
_BAUDCONbits               (abs)        000FB8
_EEADR                     (abs)        000FA9
_EECON1bits                (abs)        000FA6
_EECON2                    (abs)        000FA7
_EEDATA                    (abs)        000FA8
_Eeprom_read               text6        0008FE
_Eeprom_write              text5        0008D8
_INTCONbits                (abs)        000FF2
_IPR1bits                  (abs)        000F9F
_OSCCONbits                (abs)        000FD3
_PIE1bits                  (abs)        000F9D
_PIR1bits                  (abs)        000F9E
_RCONbits                  (abs)        000FD0
_RCREG                     (abs)        000FAE
_RCSTAbits                 (abs)        000FAB
_SPBRG                     (abs)        000FAF
_SPBRGH                    (abs)        000FB0
_TRISCbits                 (abs)        000F94
_TXREG                     (abs)        000FAD
_TXSTAbits                 (abs)        000FAC
__CFG_BOREN$OFF            (abs)        000000
__CFG_BORV$3               (abs)        000000
__CFG_CCP2MX$PORTC         (abs)        000000
__CFG_CP0$OFF              (abs)        000000
__CFG_CP1$OFF              (abs)        000000
__CFG_CP2$OFF              (abs)        000000
__CFG_CP3$OFF              (abs)        000000
__CFG_CPB$OFF              (abs)        000000
__CFG_CPD$OFF              (abs)        000000
__CFG_EBTR0$OFF            (abs)        000000
__CFG_EBTR1$OFF            (abs)        000000
__CFG_EBTR2$OFF            (abs)        000000
__CFG_EBTR3$OFF            (abs)        000000
__CFG_EBTRB$OFF            (abs)        000000
__CFG_FCMEN$OFF            (abs)        000000
__CFG_IESO$OFF             (abs)        000000
__CFG_LPT1OSC$OFF          (abs)        000000
__CFG_LVP$OFF              (abs)        000000
__CFG_MCLRE$ON             (abs)        000000
__CFG_OSC$INTIO67          (abs)        000000
__CFG_PBADEN$OFF           (abs)        000000
__CFG_PWRT$OFF             (abs)        000000
__CFG_STVREN$ON            (abs)        000000
__CFG_WDT$OFF              (abs)        000000
__CFG_WDTPS$32768          (abs)        000000
__CFG_WRT0$OFF             (abs)        000000
__CFG_WRT1$OFF             (abs)        000000
__CFG_WRT2$OFF             (abs)        000000
__CFG_WRT3$OFF             (abs)        000000
__CFG_WRTB$OFF             (abs)        000000
__CFG_WRTC$OFF             (abs)        000000
__CFG_WRTD$OFF             (abs)        000000
__CFG_XINST$OFF            (abs)        000000
__HRAM                     (abs)        000000
__Habs1                    abs1         000000
__Hbank0                   bank0        000000
__Hbank1                   bank1        000000
__Hbank2                   bank2        000000
__Hbank3                   bank3        000000
__Hbank4                   bank4        000000
__Hbank5                   bank5        000000
__Hbigbss                  bigbss       000000
__Hbigdata                 bigdata      000000
__Hbigram                  bigram       000000
__Hbss                     bss          000000
__HbssBANK1                bssBANK1     000000
__HbssCOMRAM               bssCOMRAM    000000
__Hcinit                   cinit        000000
__Hclrtext                 clrtext      000000
__Hcomram                  comram       000000
__Hconfig                  config       30000E
__Hconst                   const        000000
__HcstackCOMRAM            cstackCOMRAM 000000
__Hdata                    data         000000
__Heeprom_data             eeprom_data  000000
__Hfarbss                  farbss       000000
__Hfardata                 fardata      000000
__Hibigdata                ibigdata     000000
__Hidata                   idata        000000
__Hidloc                   idloc        200008
__Hifardata                ifardata     000000
__Hinit                    init         0000AE
__Hintcode                 intcode      00000E
__Hintcode_body            intcode_body 000000
__Hintcodelo               intcodelo    0000AA
__Hintentry                intentry     000000
__Hintret                  intret       000000
__Hintsave_regs            intsave_regs 000000
__Hirdata                  irdata       000000
__Hmediumconst             mediumconst  000000
__HnvFARRAM                nvFARRAM     000000
__Hnvbit                   nvbit        000000
__Hnvrram                  nvrram       000000
__Hparam                   rparam       000000
__Hpowerup                 powerup      0000AA
__Hram                     ram          000000
__Hramtop                  ramtop       000600
__Hrbit                    rbit         000000
__Hrbss                    rbss         000000
__Hrdata                   rdata        000000
__Hreset_vec               reset_vec    000004
__Hrparam                  rparam       000000
__Hsfr                     sfr          000000
__Hsmallconst              smallconst   000620
__Hspace_0                 (abs)        30000E
__Hspace_1                 (abs)        000200
__Hspace_2                 (abs)        000000
__Hstack                   stack        000000
__Hstruct                  struct       000000
__Htemp                    temp         000037
__Htext                    text         000000
__Htext0                   text0        000000
__Htext1                   text1        000000
__Htext2                   text2        000000
__Htext3                   text3        000000
__Htext4                   text4        000000
__Htext5                   text5        000000
__Htext6                   text6        000000
__Htext9                   text9        000000
__LRAM                     (abs)        000001
__Labs1                    abs1         000000
__Lbank0                   bank0        000000
__Lbank1                   bank1        000000
__Lbank2                   bank2        000000
__Lbank3                   bank3        000000
__Lbank4                   bank4        000000
__Lbank5                   bank5        000000
__Lbigbss                  bigbss       000000
__Lbigdata                 bigdata      000000
__Lbigram                  bigram       000000
__Lbss                     bss          000000
__LbssBANK1                bssBANK1     000000
__LbssCOMRAM               bssCOMRAM    000000
__Lcinit                   cinit        000000
__Lclrtext                 clrtext      000000
__Lcomram                  comram       000000
__Lconfig                  config       300000
__Lconst                   const        000000
__LcstackCOMRAM            cstackCOMRAM 000000
__Ldata                    data         000000
__Leeprom_data             eeprom_data  000000
__Lfarbss                  farbss       000000
__Lfardata                 fardata      000000
__Libigdata                ibigdata     000000
__Lidata                   idata        000000
__Lidloc                   idloc        200000
__Lifardata                ifardata     000000
__Linit                    init         0000AA
__Lintcode                 intcode      000008
__Lintcode_body            intcode_body 000000
__Lintcodelo               intcodelo    000018
__Lintentry                intentry     000000
__Lintret                  intret       000000
__Lintsave_regs            intsave_regs 000000
__Lirdata                  irdata       000000
__Lmediumconst             mediumconst  000000
__LnvFARRAM                nvFARRAM     000000
__Lnvbit                   nvbit        000000
__Lnvrram                  nvrram       000000
__Lparam                   rparam       000000
__Lpowerup                 powerup      0000AA
__Lram                     ram          000000
__Lramtop                  ramtop       000600
__Lrbit                    rbit         000000
__Lrbss                    rbss         000000
__Lrdata                   rdata        000000
__Lreset_vec               reset_vec    000000
__Lrparam                  rparam       000000
__Lsfr                     sfr          000000
__Lsmallconst              smallconst   000600
__Lspace_0                 (abs)        000000
__Lspace_1                 (abs)        000000
__Lspace_2                 (abs)        000000
__Lstack                   stack        000000
__Lstruct                  struct       000000
__Ltemp                    temp         000036
__Ltext                    text         000000
__Ltext0                   text0        000000
__Ltext1                   text1        000000
__Ltext2                   text2        000000
__Ltext3                   text3        000000
__Ltext4                   text4        000000
__Ltext5                   text5        000000
__Ltext6                   text6        000000
__Ltext9                   text9        000000
__S0                       (abs)        30000E
__S1                       (abs)        000200
__S2                       (abs)        000000
___inthi_sp                stack        000000
___intlo_sp                stack        000000
___param_bank              (abs)        000000
___rparam_used             (abs)        000001
___sp                      stack        000000
__accesstop                (abs)        000080
__activetblptr             (abs)        000001
__end_of_Eeprom_read       text6        000912
__end_of_Eeprom_write      text5        0008FE
__end_of__initialization   cinit        0008C6
__end_of_high_isr          intcode_body 0007D4
__end_of_low_isr           intcodelo    0000AA
__end_of_main              text0        000740
__end_of_sprintf           text4        000814
__end_of_uart_init         text3        000880
__end_of_uart_receiver     text9        0008AE
__end_of_uart_send         text2        000922
__end_of_uart_send_string  text1        00084A
__initialization           cinit        0008AE
__mediumconst              mediumconst  000000
__pbssBANK1                bssBANK1     000100
__pbssCOMRAM               bssCOMRAM    000034
__pcinit                   cinit        0008AE
__pcstackCOMRAM            cstackCOMRAM 000001
__pintcode                 intcode      000008
__pintcode_body            intcode_body 000740
__pintcodelo               intcodelo    000018
__psmallconst              smallconst   000600
__ptext0                   text0        000620
__ptext1                   text1        000814
__ptext2                   text2        000912
__ptext3                   text3        00084A
__ptext4                   text4        0007D4
__ptext5                   text5        0008D8
__ptext6                   text6        0008FE
__ptext9                   text9        000880
__ramtop                   ramtop       000600
__size_of_Eeprom_read      (abs)        000000
__size_of_Eeprom_write     (abs)        000000
__size_of_high_isr         (abs)        000000
__size_of_low_isr          (abs)        000000
__size_of_main             (abs)        000000
__size_of_sprintf          (abs)        000000
__size_of_uart_init        (abs)        000000
__size_of_uart_receiver    (abs)        000000
__size_of_uart_send        (abs)        000000
__size_of_uart_send_string (abs)        000000
__smallconst               smallconst   000600
_data                      bssCOMRAM    000035
_got_data_bool             bssCOMRAM    000034
_high_isr                  intcode      000008
_low_isr                   intcodelo    000018
_main                      text0        000620
_print_buffer              bssBANK1     000100
_sprintf                   text4        0007D4
_uart_init                 text3        00084A
_uart_receiver             text9        000880
_uart_send                 text2        000912
_uart_send_string          text1        000814
btemp                      temp         000036
end_of_initialization      cinit        0008C6
int$flags                  temp         000036
int_func                   intcode_body 000740
intlevel0                  text         000000
intlevel1                  text         000000
intlevel2                  text         000000
intlevel3                  text         000000
main@i                     cstackCOMRAM 000032
main@imge_size_counter     cstackCOMRAM 000030
main@read_data             cstackCOMRAM 00002F
main@res_count             cstackCOMRAM 00002E
main@start_read_bool       cstackCOMRAM 00002D
sprintf@ap                 cstackCOMRAM 000029
sprintf@c                  cstackCOMRAM 00002B
sprintf@f                  cstackCOMRAM 000027
sprintf@sp                 cstackCOMRAM 000025
stackhi                    (abs)        0005FF
stacklo                    (abs)        000200
start                      init         0000AA
start_initialization       cinit        0008AE
uart_init@brg16            cstackCOMRAM 00002B
uart_init@brgh             cstackCOMRAM 000029
uart_init@gen_reg          cstackCOMRAM 000025
uart_init@sync             cstackCOMRAM 000027
uart_receiver@c            cstackCOMRAM 000001
uart_receiver@er           cstackCOMRAM 000005
uart_receiver@rx_flag      cstackCOMRAM 000003
uart_send@c                cstackCOMRAM 000025
uart_send_string@c         cstackCOMRAM 000026
uart_send_string@i         cstackCOMRAM 000028


FUNCTION INFORMATION:

 *************** function _main *****************
 Defined at:
		line 44 in file "main.c"
 Parameters:    Size  Location     Type
		None
 Auto vars:     Size  Location     Type
  read_data       1   46[COMRAM] unsigned char 
  i               2   49[COMRAM] unsigned int 
  res_count       1   45[COMRAM] unsigned char 
  imge_size_co    2   47[COMRAM] unsigned int 
  start_read_b    1   44[COMRAM] unsigned char 
 Return value:  Size  Location     Type
                  1    wreg      void 
 Registers used:
		wreg, fsr2l, fsr2h, status,2, status,0, tblptrl, tblptrh, tblptru, prodl, prodh, cstack
 Tracked objects:
		On entry : 
		On exit  : 
		Unchanged: 
 Data sizes:     COMRAM   BANK0   BANK1   BANK2   BANK3   BANK4   BANK5
      Params:         0       0       0       0       0       0       0
      Locals:         7       0       0       0       0       0       0
      Temps:          0       0       0       0       0       0       0
      Totals:         7       0       0       0       0       0       0
Total ram usage:        7 bytes
 Hardware stack levels required when called:    5
 This function calls:
		_Eeprom_read
		_Eeprom_write
		_sprintf
		_uart_init
		_uart_send
		_uart_send_string
 This function is called by:
		Startup code after reset
 This function uses a non-reentrant model


 *************** function _uart_send_string *****************
 Defined at:
		line 50 in file "uart_layer.c"
 Parameters:    Size  Location     Type
  c               2   37[COMRAM] PTR unsigned char 
		 -> print_buffer(256), 
 Auto vars:     Size  Location     Type
  i               1   39[COMRAM] unsigned char 
 Return value:  Size  Location     Type
                  1    wreg      void 
 Registers used:
		wreg, fsr2l, fsr2h, status,2, status,0, prodl, prodh, cstack
 Tracked objects:
		On entry : 
		On exit  : 
		Unchanged: 
 Data sizes:     COMRAM   BANK0   BANK1   BANK2   BANK3   BANK4   BANK5
      Params:         2       0       0       0       0       0       0
      Locals:         1       0       0       0       0       0       0
      Temps:          0       0       0       0       0       0       0
      Totals:         3       0       0       0       0       0       0
Total ram usage:        3 bytes
 Hardware stack levels used:    1
 Hardware stack levels required when called:    4
 This function calls:
		_uart_send
 This function is called by:
		_main
 This function uses a non-reentrant model


 *************** function _uart_send *****************
 Defined at:
		line 24 in file "uart_layer.c"
 Parameters:    Size  Location     Type
  c               1    wreg     unsigned char 
 Auto vars:     Size  Location     Type
  c               1   36[COMRAM] unsigned char 
 Return value:  Size  Location     Type
                  1    wreg      void 
 Registers used:
		wreg
 Tracked objects:
		On entry : 
		On exit  : 
		Unchanged: 
 Data sizes:     COMRAM   BANK0   BANK1   BANK2   BANK3   BANK4   BANK5
      Params:         0       0       0       0       0       0       0
      Locals:         1       0       0       0       0       0       0
      Temps:          0       0       0       0       0       0       0
      Totals:         1       0       0       0       0       0       0
Total ram usage:        1 bytes
 Hardware stack levels used:    1
 Hardware stack levels required when called:    3
 This function calls:
		Nothing
 This function is called by:
		_main
		_uart_send_string
		_uart_send_array
 This function uses a non-reentrant model


 *************** function _uart_init *****************
 Defined at:
		line 4 in file "uart_layer.c"
 Parameters:    Size  Location     Type
  gen_reg         2   36[COMRAM] unsigned int 
  sync            2   38[COMRAM] unsigned int 
  brgh            2   40[COMRAM] unsigned int 
  brg16           2   42[COMRAM] unsigned int 
 Auto vars:     Size  Location     Type
		None
 Return value:  Size  Location     Type
                  1    wreg      void 
 Registers used:
		wreg, status,2
 Tracked objects:
		On entry : 
		On exit  : 
		Unchanged: 
 Data sizes:     COMRAM   BANK0   BANK1   BANK2   BANK3   BANK4   BANK5
      Params:         8       0       0       0       0       0       0
      Locals:         0       0       0       0       0       0       0
      Temps:          0       0       0       0       0       0       0
      Totals:         8       0       0       0       0       0       0
Total ram usage:        8 bytes
 Hardware stack levels used:    1
 Hardware stack levels required when called:    3
 This function calls:
		Nothing
 This function is called by:
		_main
 This function uses a non-reentrant model


 *************** function _sprintf *****************
 Defined at:
		line 492 in file "C:\Program Files (x86)\Microchip\xc8\v1.41\sources\common\doprnt.c"
 Parameters:    Size  Location     Type
  sp              2   36[COMRAM] PTR unsigned char 
		 -> print_buffer(256), 
  f               2   38[COMRAM] PTR const unsigned char 
		 -> STR_2(13), STR_1(16), 
 Auto vars:     Size  Location     Type
  tmpval          4    0        struct .
  cp              3    0        PTR const unsigned char 
  ap              2   40[COMRAM] PTR void [1]
		 -> ?_sprintf(2), 
  len             2    0        unsigned int 
  val             2    0        unsigned int 
  c               1   42[COMRAM] char 
  flag            1    0        unsigned char 
  prec            1    0        char 
 Return value:  Size  Location     Type
                  2   36[COMRAM] int 
 Registers used:
		wreg, fsr2l, fsr2h, status,2, status,0, tblptrl, tblptrh, tblptru
 Tracked objects:
		On entry : 
		On exit  : 
		Unchanged: 
 Data sizes:     COMRAM   BANK0   BANK1   BANK2   BANK3   BANK4   BANK5
      Params:         4       0       0       0       0       0       0
      Locals:         3       0       0       0       0       0       0
      Temps:          0       0       0       0       0       0       0
      Totals:         7       0       0       0       0       0       0
Total ram usage:        7 bytes
 Hardware stack levels used:    1
 Hardware stack levels required when called:    3
 This function calls:
		Nothing
 This function is called by:
		_main
 This function uses a non-reentrant model


 *************** function _Eeprom_write *****************
 Defined at:
		line 22 in file "main.c"
 Parameters:    Size  Location     Type
  addr            1    wreg     unsigned char 
  data            1   36[COMRAM] unsigned char 
 Auto vars:     Size  Location     Type
  addr            1   37[COMRAM] unsigned char 
 Return value:  Size  Location     Type
                  1    wreg      void 
 Registers used:
		wreg, status,2
 Tracked objects:
		On entry : 
		On exit  : 
		Unchanged: 
 Data sizes:     COMRAM   BANK0   BANK1   BANK2   BANK3   BANK4   BANK5
      Params:         1       0       0       0       0       0       0
      Locals:         1       0       0       0       0       0       0
      Temps:          0       0       0       0       0       0       0
      Totals:         2       0       0       0       0       0       0
Total ram usage:        2 bytes
 Hardware stack levels used:    1
 Hardware stack levels required when called:    3
 This function calls:
		Nothing
 This function is called by:
		_main
 This function uses a non-reentrant model


 *************** function _Eeprom_read *****************
 Defined at:
		line 13 in file "main.c"
 Parameters:    Size  Location     Type
  addr            1    wreg     unsigned char 
 Auto vars:     Size  Location     Type
  addr            1   36[COMRAM] unsigned char 
 Return value:  Size  Location     Type
                  1    wreg      unsigned char 
 Registers used:
		wreg, status,2
 Tracked objects:
		On entry : 
		On exit  : 
		Unchanged: 
 Data sizes:     COMRAM   BANK0   BANK1   BANK2   BANK3   BANK4   BANK5
      Params:         0       0       0       0       0       0       0
      Locals:         1       0       0       0       0       0       0
      Temps:          0       0       0       0       0       0       0
      Totals:         1       0       0       0       0       0       0
Total ram usage:        1 bytes
 Hardware stack levels used:    1
 Hardware stack levels required when called:    3
 This function calls:
		Nothing
 This function is called by:
		_main
 This function uses a non-reentrant model


 *************** function _low_isr *****************
 Defined at:
		line 118 in file "main.c"
 Parameters:    Size  Location     Type
		None
 Auto vars:     Size  Location     Type
		None
 Return value:  Size  Location     Type
                  1    wreg      void 
 Registers used:
		None
 Tracked objects:
		On entry : 
		On exit  : 
		Unchanged: 
 Data sizes:     COMRAM   BANK0   BANK1   BANK2   BANK3   BANK4   BANK5
      Params:         0       0       0       0       0       0       0
      Locals:         0       0       0       0       0       0       0
      Temps:         17       0       0       0       0       0       0
      Totals:        17       0       0       0       0       0       0
Total ram usage:       17 bytes
 Hardware stack levels used:    1
 Hardware stack levels required when called:    2
 This function calls:
		Nothing
 This function is called by:
		Interrupt level 1
 This function uses a non-reentrant model


 *************** function _high_isr *****************
 Defined at:
		line 108 in file "main.c"
 Parameters:    Size  Location     Type
		None
 Auto vars:     Size  Location     Type
		None
 Return value:  Size  Location     Type
                  1    wreg      void 
 Registers used:
		wreg, fsr2l, fsr2h, status,2, status,0, cstack
 Tracked objects:
		On entry : 
		On exit  : 
		Unchanged: 
 Data sizes:     COMRAM   BANK0   BANK1   BANK2   BANK3   BANK4   BANK5
      Params:         0       0       0       0       0       0       0
      Locals:         0       0       0       0       0       0       0
      Temps:         14       0       0       0       0       0       0
      Totals:        14       0       0       0       0       0       0
Total ram usage:       14 bytes
 Hardware stack levels used:    1
 Hardware stack levels required when called:    1
 This function calls:
		_uart_receiver
 This function is called by:
		Interrupt level 2
 This function uses a non-reentrant model


 *************** function _uart_receiver *****************
 Defined at:
		line 31 in file "uart_layer.c"
 Parameters:    Size  Location     Type
  c               2    0[COMRAM] PTR unsigned char 
		 -> data(1), 
  rx_flag         2    2[COMRAM] PTR unsigned char 
		 -> got_data_bool(1), 
 Auto vars:     Size  Location     Type
  er              1    4[COMRAM] unsigned char 
 Return value:  Size  Location     Type
                  1    wreg      void 
 Registers used:
		wreg, fsr2l, fsr2h
 Tracked objects:
		On entry : 
		On exit  : 
		Unchanged: 
 Data sizes:     COMRAM   BANK0   BANK1   BANK2   BANK3   BANK4   BANK5
      Params:         4       0       0       0       0       0       0
      Locals:         1       0       0       0       0       0       0
      Temps:          0       0       0       0       0       0       0
      Totals:         5       0       0       0       0       0       0
Total ram usage:        5 bytes
 Hardware stack levels used:    1
 This function calls:
		Nothing
 This function is called by:
		_high_isr
 This function uses a non-reentrant model



MODULE INFORMATION

Module		Function		Class		Link	Load	Size
C:\Program Files (x86)\Microchip\xc8\v1.41\sources\common\doprnt.c
		_sprintf       		CODE           	07D4	0000	65

C:\Program Files (x86)\Microchip\xc8\v1.41\sources\common\doprnt.c estimated size: 65

shared
		__initialization		CODE           	08AE	0000	25

shared estimated size: 25

uart_layer.c
		_uart_init     		CODE           	084A	0000	55
		_uart_receiver 		CODE           	0880	0000	47
		_uart_send     		CODE           	0912	0000	17
		_uart_send_string		CODE           	0814	0000	55

uart_layer.c estimated size: 174

main.c
		_main          		CODE           	0620	0000	289
		_high_isr      		CODE           	0008	0000	155
		_Eeprom_read   		CODE           	08FE	0000	21
		_Eeprom_write  		CODE           	08D8	0000	39
		_low_isr       		CODE           	0018	0000	147

main.c estimated size: 651

